go : go: downloading github.com/eclipse/paho.mqtt.golang v1.4.3
所在位置 行:1 字符: 341
+ ... fig.json" ; go run cmd\regression_main.go > test_output.txt 2>&1 ; Ge ...
+                 ~~~~~~~~~~~~~~~~~~~~~~~~~~~~~~~~~~~~~~~~~~~~~~~~~~~~
    + CategoryInfo          : NotSpecified: (go: downloading...t.golang v1.4.3:Strin 
   g) [], RemoteException
    + FullyQualifiedErrorId : NativeCommandError
 
go: downloading github.com/jackc/pgx/v5 v5.5.1
internal\database\database.go:10:2: github.com/jackc/pgx/v5@v5.5.1: Get "https://prox
y.golang.org/github.com/jackc/pgx/v5/@v/v5.5.1.zip": dial tcp [2404:6800:4012:9::2011
]:443: connectex: A connection attempt failed because the connected party did not pro
perly respond after a period of time, or established connection failed because connec
ted host has failed to respond.
internal\mqtt\mqtt_service.go:11:2: github.com/eclipse/paho.mqtt.golang@v1.4.3: Get "
https://proxy.golang.org/github.com/eclipse/paho.mqtt.golang/@v/v1.4.3.zip": dial tcp
 [2404:6800:4012:9::2011]:443: connectex: A connection attempt failed because the con
nected party did not properly respond after a period of time, or established connecti
on failed because connected host has failed to respond.
